     1                                      section .data ; сегмент инициализированных переменных
     2 00000000 507265737320456E74-     ExitMsg db "Press Enter to Exit", 10 ; выводимое сообщение
     2 00000009 657220746F20457869-
     2 00000012 740A               
     3                                  lenExit equ $-ExitMsg ; сегмент неинициализированных переменных
     4 00000014 FFFF                    F1 dw 65535
     5 00000016 FFFF0000                F2 dd 65535
     6                                  
     7                                      section .bss
     8 00000000 <res Ah>                InBuf resb 10 ; буфер для вводимой строки
     9                                  lenIn equ $-InBuf
    10                                  
    11                                      section .text ; сегмент кода
    12                                      global _start
    13                                  _start:  
    14 00000000 66830425[14000000]-         add word[F1], 1
    14 00000008 01                 
    15 00000009 830425[16000000]01          add dword[F2], 1
    16                                  
    17                                      ; write
    18 00000011 B801000000                  mov rax, 1 ; системная функция 1 (write)
    19 00000016 BF01000000                  mov rdi, 1 ; дескриптор файла stdout=1
    20 0000001B 48BE-                       mov rsi, ExitMsg ; адрес выводимой строки
    20 0000001D [0000000000000000] 
    21 00000025 BA14000000                  mov rdx, lenExit ; длина строки
    22 0000002A 0F05                        syscall ; вызов системной функции
    23                                  
    24                                      ; read
    25 0000002C B800000000                  mov rax, 0 ; системная функция 0 (read)
    26 00000031 BF00000000                  mov rdi, 0 ; дескриптор файла stdin=0
    27 00000036 48BE-                       mov rsi, InBuf ; адрес вводимой строки
    27 00000038 [0000000000000000] 
    28 00000040 BA0A000000                  mov rdx, lenIn; длина строки
    29 00000045 0F05                        syscall ; вызов системной функции
    30                                      
    31                                      ; exit
    32 00000047 B83C000000                  mov rax, 60 ; системная функция 60 (exit)
    33 0000004C 4831FF                      xor rdi, rdi ; return code 0
    34 0000004F 0F05                        syscall ; вызов системной функции
